warning: variable does not need to be mutable
   --> crates/pa-core/src/session_engine/rlm_usage.rs:308:13
    |
308 |         let mut retired_bases = fallback.bases.lock().await;
    |             ----^^^^^^^^^^^^^
    |             |
    |             help: remove this `mut`
    |
    = note: `#[warn(unused_mut)]` (part of `#[warn(unused)]`) on by default

warning: variable does not need to be mutable
   --> crates/pa-core/src/session_engine/rlm_usage.rs:332:13
    |
332 |         let mut retired_bases = fallback.bases.lock().await;
    |             ----^^^^^^^^^^^^^
    |             |
    |             help: remove this `mut`

warning: `pa-core` (lib) generated 2 warnings (run `cargo fix --lib -p pa-core` to apply 2 suggestions)
   Compiling pa-daemon v0.1.0 (/workspace/repo/crates/pa-daemon)
   Compiling pa-core v0.1.0 (/workspace/repo/crates/pa-core)
   Compiling pa-tui v0.1.0 (/workspace/repo/crates/pa-tui)
error[E0308]: mismatched types
    --> crates/pa-daemon/src/rlm_children.rs:1125:13
     |
1125 |         let Ok(store) = joined else {
     |             ^^^^^^^^^   ------ this expression has type `std::option::Option<std::result::Result<SessionFile, anyhow::Error>>`
     |             |
     |             expected `Option<Result<SessionFile, Error>>`, found `Result<_, _>`
     |
     = note: expected enum `std::option::Option<std::result::Result<SessionFile, anyhow::Error>>`
                found enum `std::result::Result<_, _>`
help: try wrapping the pattern in `Some`
     |
1125 |         let Some(Ok(store)) = joined else {
     |             +++++         +

warning: `pa-core` (lib test) generated 2 warnings (2 duplicates)
error[E0308]: mismatched types
    --> crates/pa-daemon/src/rlm_children.rs:1125:13
     |
1125 |         let Ok(store) = joined else {
     |             ^^^^^^^^^   ------ this expression has type `std::option::Option<std::result::Result<session_store::SessionFile, anyhow::Error>>`
     |             |
     |             expected `Option<Result<SessionFile, Error>>`, found `Result<_, _>`
     |
     = note: expected enum `std::option::Option<std::result::Result<session_store::SessionFile, anyhow::Error>>`
                found enum `std::result::Result<_, _>`
help: try wrapping the pattern in `Some`
     |
1125 |         let Some(Ok(store)) = joined else {
     |             +++++         +

error[E0277]: `std::sync::MutexGuard<'_, HashMap<std::string::String, std::string::String>>` cannot be sent between threads safely
   --> crates/pa-daemon/src/agent_engine.rs:141:9
    |
141 |           Box::pin(async move {
    |           ^        ---------- within this `{async block@crates/pa-daemon/src/agent_engine.rs:141:18: 141:28}`
    |  _________|
    | |
142 | |             producer.record_child_usage(report).await;
143 | |         })
    | |__________^ `std::sync::MutexGuard<'_, HashMap<std::string::String, std::string::String>>` cannot be sent between threads safely
    |
    = help: within `{async block@crates/pa-daemon/src/agent_engine.rs:141:18: 141:28}`, the trait `std::marker::Send` is not implemented for `std::sync::MutexGuard<'_, HashMap<std::string::String, std::string::String>>`
note: required because it's used within this `async` fn body
   --> crates/pa-core/src/session_engine/rlm_usage.rs:163:73
    |
163 |       pub async fn record_child_usage(&self, report: RlmChildUsageReport) {
    |  _________________________________________________________________________^
...   |
239 | |     }
    | |_____^
note: required because it's used within this `async` block
   --> crates/pa-daemon/src/agent_engine.rs:141:18
    |
141 |         Box::pin(async move {
    |                  ^^^^^^^^^^
    = note: required for the cast from `Pin<Box<{async block@crates/pa-daemon/src/agent_engine.rs:141:18: 141:28}>>` to `Pin<Box<dyn futures::Future<Output = ()> + std::marker::Send>>`

Some errors have detailed explanations: E0277, E0308.
For more information about an error, try `rustc --explain E0277`.
error: could not compile `pa-daemon` (lib) due to 2 previous errors
warning: build failed, waiting for other jobs to finish...
error[E0277]: `MutexGuard<'_, HashMap<String, String>>` cannot be sent between threads safely
   --> crates/pa-daemon/src/agent_engine.rs:141:9
    |
141 |           Box::pin(async move {
    |           ^        ---------- within this `{async block@crates/pa-daemon/src/agent_engine.rs:141:18: 141:28}`
    |  _________|
    | |
142 | |             producer.record_child_usage(report).await;
143 | |         })
    | |__________^ `MutexGuard<'_, HashMap<String, String>>` cannot be sent between threads safely
    |
    = help: within `{async block@crates/pa-daemon/src/agent_engine.rs:141:18: 141:28}`, the trait `std::marker::Send` is not implemented for `MutexGuard<'_, HashMap<String, String>>`
note: required because it's used within this `async` fn body
   --> crates/pa-core/src/session_engine/rlm_usage.rs:163:73
    |
163 |       pub async fn record_child_usage(&self, report: RlmChildUsageReport) {
    |  _________________________________________________________________________^
...   |
239 | |     }
    | |_____^
note: required because it's used within this `async` block
   --> crates/pa-daemon/src/agent_engine.rs:141:18
    |
141 |         Box::pin(async move {
    |                  ^^^^^^^^^^
    = note: required for the cast from `Pin<Box<{async block@crates/pa-daemon/src/agent_engine.rs:141:18: 141:28}>>` to `Pin<Box<dyn futures::Future<Output = ()> + std::marker::Send>>`
    = note: the full name for the type has been written to '/workspace/repo/target/debug/deps/pa_daemon-ec60bc88acb7c082.long-type-17047974692915462538.txt'
    = note: consider using `--verbose` to print the full type name to the console

error: could not compile `pa-daemon` (lib test) due to 2 previous errors
